Copyright 1986-2020 Xilinx, Inc. All Rights Reserved.
-------------------------------------------------------------------------------------
| Tool Version : Vivado v.2020.2 (win64) Build 3064766 Wed Nov 18 09:12:45 MST 2020
| Date         : Mon Jun 13 17:39:17 2022
| Host         : DESKTOP-QI02RAP running 64-bit major release  (build 9200)
| Command      : report_control_sets -verbose -file ip_pivot_control_sets_placed.rpt
| Design       : ip_pivot
| Device       : xc7z010
-------------------------------------------------------------------------------------

Control Set Information

Table of Contents
-----------------
1. Summary
2. Histogram
3. Flip-Flop Distribution
4. Detailed Control Set Information

1. Summary
----------

+----------------------------------------------------------+-------+
|                          Status                          | Count |
+----------------------------------------------------------+-------+
| Total control sets                                       |   134 |
|    Minimum number of control sets                        |   134 |
|    Addition due to synthesis replication                 |     0 |
|    Addition due to physical synthesis replication        |     0 |
| Unused register locations in slices containing registers |     5 |
+----------------------------------------------------------+-------+
* Control sets can be merged at opt_design using control_set_merge or merge_equivalent_drivers
** Run report_qor_suggestions for automated merging and remapping suggestions


2. Histogram
------------

+--------------------+-------+
|       Fanout       | Count |
+--------------------+-------+
| Total control sets |   134 |
| >= 0 to < 4        |     0 |
| >= 4 to < 6        |     0 |
| >= 6 to < 8        |     0 |
| >= 8 to < 10       |     1 |
| >= 10 to < 12      |     0 |
| >= 12 to < 14      |     0 |
| >= 14 to < 16      |     1 |
| >= 16              |   132 |
+--------------------+-------+
* Control sets can be remapped at either synth_design or opt_design


3. Flip-Flop Distribution
-------------------------

+--------------+-----------------------+------------------------+-----------------+--------------+
| Clock Enable | Synchronous Set/Reset | Asynchronous Set/Reset | Total Registers | Total Slices |
+--------------+-----------------------+------------------------+-----------------+--------------+
| No           | No                    | No                     |            4550 |          869 |
| No           | No                    | Yes                    |               0 |            0 |
| No           | Yes                   | No                     |              95 |           38 |
| Yes          | No                    | No                     |               0 |            0 |
| Yes          | No                    | Yes                    |               0 |            0 |
| Yes          | Yes                   | No                     |            4150 |         2071 |
+--------------+-----------------------+------------------------+-----------------+--------------+


4. Detailed Control Set Information
-----------------------------------

+--------------+----------------------+--------------------------+------------------+----------------+--------------+
| Clock Signal |     Enable Signal    |     Set/Reset Signal     | Slice Load Count | Bel Load Count | Bels / Slice |
+--------------+----------------------+--------------------------+------------------+----------------+--------------+
|  clk         | j_next               | reset                    |                2 |              8 |         4.00 |
|  clk         | i_next               | reset                    |                7 |             14 |         2.00 |
|  clk         | newRow_next[27]      | reset                    |               21 |             32 |         1.52 |
|  clk         |                      | dsp1/c_reg_s[31]_i_1_n_0 |                5 |             32 |         6.40 |
|  clk         | pivotColVal_next[8]  | reset                    |               18 |             32 |         1.78 |
|  clk         | newRow_next[16]      | reset                    |               16 |             32 |         2.00 |
|  clk         | newRow_next[23]      | reset                    |               20 |             32 |         1.60 |
|  clk         | newRow_next[0]       | reset                    |               10 |             32 |         3.20 |
|  clk         | newRow_next[12]      | reset                    |               11 |             32 |         2.91 |
|  clk         | newRow_next[18]      | reset                    |               17 |             32 |         1.88 |
|  clk         | newRow_next[20]      | reset                    |               20 |             32 |         1.60 |
|  clk         | newRow_next[24]      | reset                    |               19 |             32 |         1.68 |
|  clk         | newRow_next[31]      | reset                    |               26 |             32 |         1.23 |
|  clk         | newRow_next[29]      | reset                    |               19 |             32 |         1.68 |
|  clk         | newRow_next[32]      | reset                    |               14 |             32 |         2.29 |
|  clk         | newRow_next[1]       | reset                    |               12 |             32 |         2.67 |
|  clk         | newRow_next[33]      | reset                    |               15 |             32 |         2.13 |
|  clk         | newRow_next[30]      | reset                    |               26 |             32 |         1.23 |
|  clk         | newRow_next[2]       | reset                    |               14 |             32 |         2.29 |
|  clk         | newRow_next[35]      | reset                    |               17 |             32 |         1.88 |
|  clk         | newRow_next[37]      | reset                    |               15 |             32 |         2.13 |
|  clk         | newRow_next[36]      | reset                    |               16 |             32 |         2.00 |
|  clk         | newRow_next[25]      | reset                    |               16 |             32 |         2.00 |
|  clk         | newRow_next[39]      | reset                    |               20 |             32 |         1.60 |
|  clk         | newRow_next[40]      | reset                    |               16 |             32 |         2.00 |
|  clk         | newRow_next[41]      | reset                    |               19 |             32 |         1.68 |
|  clk         | newRow_next[11]      | reset                    |                9 |             32 |         3.56 |
|  clk         | newRow_next[42]      | reset                    |               15 |             32 |         2.13 |
|  clk         | newRow_next[43]      | reset                    |               17 |             32 |         1.88 |
|  clk         | newRow_next[44]      | reset                    |               22 |             32 |         1.45 |
|  clk         | newRow_next[26]      | reset                    |               20 |             32 |         1.60 |
|  clk         | newRow_next[46]      | reset                    |               22 |             32 |         1.45 |
|  clk         | newRow_next[47]      | reset                    |               20 |             32 |         1.60 |
|  clk         | data1_out_next       | reset                    |               12 |             32 |         2.67 |
|  clk         | newRow_next[48]      | reset                    |               10 |             32 |         3.20 |
|  clk         | newRow_next[34]      | reset                    |               16 |             32 |         2.00 |
|  clk         | newRow_next[38]      | reset                    |               14 |             32 |         2.29 |
|  clk         | newRow_next[49]      | reset                    |               15 |             32 |         2.13 |
|  clk         | newRow_next[14]      | reset                    |               11 |             32 |         2.91 |
|  clk         | newRow_next[19]      | reset                    |               16 |             32 |         2.00 |
|  clk         | newRow_next[3]       | reset                    |               13 |             32 |         2.46 |
|  clk         | newRow_next[45]      | reset                    |               21 |             32 |         1.52 |
|  clk         | newRow_next[15]      | reset                    |               13 |             32 |         2.46 |
|  clk         | newRow_next[21]      | reset                    |               18 |             32 |         1.78 |
|  clk         | newRow_next[28]      | reset                    |               22 |             32 |         1.45 |
|  clk         | newRow_next[10]      | reset                    |               10 |             32 |         3.20 |
|  clk         | newRow_next[17]      | reset                    |               16 |             32 |         2.00 |
|  clk         | newRow_next[100]     | reset                    |               26 |             32 |         1.23 |
|  clk         | newRow_next[22]      | reset                    |               13 |             32 |         2.46 |
|  clk         | newRow_next[13]      | reset                    |               15 |             32 |         2.13 |
|  clk         | newRow_next[53]      | reset                    |               12 |             32 |         2.67 |
|  clk         | newRow_next[79]      | reset                    |               24 |             32 |         1.33 |
|  clk         | newRow_next[85]      | reset                    |               19 |             32 |         1.68 |
|  clk         | newRow_next[52]      | reset                    |               15 |             32 |         2.13 |
|  clk         | newRow_next[87]      | reset                    |               22 |             32 |         1.45 |
|  clk         | newRow_next[89]      | reset                    |               20 |             32 |         1.60 |
|  clk         | newRow_next[8]       | reset                    |               19 |             32 |         1.68 |
|  clk         | newRow_next[91]      | reset                    |               22 |             32 |         1.45 |
|  clk         | newRow_next[67]      | reset                    |               13 |             32 |         2.46 |
|  clk         | newRow_next[66]      | reset                    |               14 |             32 |         2.29 |
|  clk         | newRow_next[75]      | reset                    |               20 |             32 |         1.60 |
|  clk         | newRow_next[80]      | reset                    |               17 |             32 |         1.88 |
|  clk         | newRow_next[64]      | reset                    |               14 |             32 |         2.29 |
|  clk         | newRow_next[65]      | reset                    |               15 |             32 |         2.13 |
|  clk         | newRow_next[50]      | reset                    |               14 |             32 |         2.29 |
|  clk         | newRow_next[63]      | reset                    |               24 |             32 |         1.33 |
|  clk         | newRow_next[70]      | reset                    |               16 |             32 |         2.00 |
|  clk         | newRow_next[86]      | reset                    |               19 |             32 |         1.68 |
|  clk         | newRow_next[62]      | reset                    |               19 |             32 |         1.68 |
|  clk         | newRow_next[60]      | reset                    |               19 |             32 |         1.68 |
|  clk         | newRow_next[90]      | reset                    |               17 |             32 |         1.88 |
|  clk         | newRow_next[92]      | reset                    |               23 |             32 |         1.39 |
|  clk         | newRow_next[93]      | reset                    |               25 |             32 |         1.28 |
|  clk         | newRow_next[94]      | reset                    |               19 |             32 |         1.68 |
|  clk         | newRow_next[5]       | reset                    |               10 |             32 |         3.20 |
|  clk         | newRow_next[95]      | reset                    |               23 |             32 |         1.39 |
|  clk         | newRow_next[4]       | reset                    |               12 |             32 |         2.67 |
|  clk         | newRow_next[96]      | reset                    |               15 |             32 |         2.13 |
|  clk         | newRow_next[97]      | reset                    |               12 |             32 |         2.67 |
|  clk         | newRow_next[98]      | reset                    |               12 |             32 |         2.67 |
|  clk         | newRow_next[61]      | reset                    |               18 |             32 |         1.78 |
|  clk         | newRow_next[69]      | reset                    |               19 |             32 |         1.68 |
|  clk         | newRow_next[56]      | reset                    |               13 |             32 |         2.46 |
|  clk         | newRow_next[6]       | reset                    |               15 |             32 |         2.13 |
|  clk         | newRow_next[99]      | reset                    |               26 |             32 |         1.23 |
|  clk         | newRow_next[9]       | reset                    |               21 |             32 |         1.52 |
|  clk         | newRow_next[59]      | reset                    |               17 |             32 |         1.88 |
|  clk         | newRow_next[76]      | reset                    |               16 |             32 |         2.00 |
|  clk         | newRow_next[57]      | reset                    |               15 |             32 |         2.13 |
|  clk         | newRow_next[73]      | reset                    |               17 |             32 |         1.88 |
|  clk         | newRow_next[68]      | reset                    |               15 |             32 |         2.13 |
|  clk         | newRow_next[78]      | reset                    |               23 |             32 |         1.39 |
|  clk         | newRow_next[77]      | reset                    |               20 |             32 |         1.60 |
|  clk         | newRow_next[83]      | reset                    |               19 |             32 |         1.68 |
|  clk         | newRow_next[51]      | reset                    |               14 |             32 |         2.29 |
|  clk         | newRow_next[71]      | reset                    |               13 |             32 |         2.46 |
|  clk         | newRow_next[72]      | reset                    |               18 |             32 |         1.78 |
|  clk         | newRow_next[82]      | reset                    |               18 |             32 |         1.78 |
|  clk         | newRow_next[74]      | reset                    |               14 |             32 |         2.29 |
|  clk         | newRow_next[84]      | reset                    |               21 |             32 |         1.52 |
|  clk         | newRow_next[54]      | reset                    |               16 |             32 |         2.00 |
|  clk         | newRow_next[88]      | reset                    |               18 |             32 |         1.78 |
|  clk         | newRow_next[81]      | reset                    |               21 |             32 |         1.52 |
|  clk         | newRow_next[55]      | reset                    |               16 |             32 |         2.00 |
|  clk         | newRow_next[7]       | reset                    |               18 |             32 |         1.78 |
|  clk         | newRow_next[58]      | reset                    |               16 |             32 |         2.00 |
|  clk         | pivotColVal_next[24] | reset                    |               12 |             32 |         2.67 |
|  clk         | pivotColVal_next[28] | reset                    |                9 |             32 |         3.56 |
|  clk         | pivotColVal_next[20] | reset                    |               13 |             32 |         2.46 |
|  clk         | pivotColVal_next[32] | reset                    |               12 |             32 |         2.67 |
|  clk         | pivotColVal_next[10] | reset                    |                6 |             32 |         5.33 |
|  clk         | pivotColVal_next[14] | reset                    |               10 |             32 |         3.20 |
|  clk         | pivotColVal_next[26] | reset                    |                8 |             32 |         4.00 |
|  clk         | pivotColVal_next[34] | reset                    |               14 |             32 |         2.29 |
|  clk         | pivotColVal_next[36] | reset                    |               14 |             32 |         2.29 |
|  clk         | pivotColVal_next[40] | reset                    |                9 |             32 |         3.56 |
|  clk         | pivotColVal_next[2]  | reset                    |               12 |             32 |         2.67 |
|  clk         | pivotColVal_next[38] | reset                    |               10 |             32 |         3.20 |
|  clk         | pivotColVal_next[42] | reset                    |               13 |             32 |         2.46 |
|  clk         | pivotColVal_next[44] | reset                    |                9 |             32 |         3.56 |
|  clk         | pivotColVal_next[46] | reset                    |               18 |             32 |         1.78 |
|  clk         | pivotColVal_next[4]  | reset                    |               13 |             32 |         2.46 |
|  clk         | pivotColVal_next[18] | reset                    |                8 |             32 |         4.00 |
|  clk         | pivotColVal_next[22] | reset                    |               15 |             32 |         2.13 |
|  clk         | pivotColVal_next[30] | reset                    |               12 |             32 |         2.67 |
|  clk         | pivotColVal_next[50] | reset                    |               16 |             32 |         2.00 |
|  clk         | pivotColVal_next[48] | reset                    |                8 |             32 |         4.00 |
|  clk         | pivotColVal_next[6]  | reset                    |               15 |             32 |         2.13 |
|  clk         | pivotColVal_next[0]  | reset                    |                9 |             32 |         3.56 |
|  clk         | pivotColVal_next[12] | reset                    |               10 |             32 |         3.20 |
|  clk         | pivotColVal_next[16] | reset                    |               13 |             32 |         2.46 |
|  clk         | pivot_next           | reset                    |                9 |             32 |         3.56 |
|  clk         |                      | reset                    |               33 |             63 |         1.91 |
|  clk         |                      |                          |              869 |           4554 |         5.24 |
+--------------+----------------------+--------------------------+------------------+----------------+--------------+


